[38;2;255;40;40mred[39m
[38;2;41;169;42mgreen[39m
