[48;2;255;0;0m„ÅÜ „ÅÑ                                                                           [49m
