[38;2;255;255;255m[48;2;128;0;128mpurple[39m                                                                          [49m

